
Jos@ACER MINGW64 ~/Documents/jpwits/GoPyramid (master)
$ ls -al ~/.ssh
ls: cannot access '/c/Users/Jos/.ssh': No such file or directory

Jos@ACER MINGW64 ~/Documents/jpwits/GoPyramid (master)
$

Jos@ACER MINGW64 ~/Documents/jpwits/GoPyramid (master)
$

Jos@ACER MINGW64 ~/Documents/jpwits/GoPyramid (master)
$ ls -al ~/.ssh
ls: cannot access '/c/Users/Jos/.ssh': No such file or directory

Jos@ACER MINGW64 ~/Documents/jpwits/GoPyramid (master)
$ ssh-keygen -t rsa -b 4096 -C "jpwits@gmail.com"
Generating public/private rsa key pair.
Enter file in which to save the key (/c/Users/Jos/.ssh/id_rsa):
Created directory '/c/Users/Jos/.ssh'.
Enter passphrase (empty for no passphrase):
Enter same passphrase again:
Passphrases do not match.  Try again.
Enter passphrase (empty for no passphrase):
Enter same passphrase again:
Your identification has been saved in /c/Users/Jos/.ssh/id_rsa.
Your public key has been saved in /c/Users/Jos/.ssh/id_rsa.pub.
The key fingerprint is:
SHA256:Oer9bInUmMeYSpfHvEnJt0m2KZAKmrnvFagHTBs7PVk jpwits@gmail.com
The key's randomart image is:
+---[RSA 4096]----+
|                 |
|                 |
|  o   E          |
| o = +   .       |
|  * = . S& .     |
|   +...o@.@ +    |
|  .+.oo= * B =   |
|  +. oo...* =    |
|  .+o . .oo.     |
+----[SHA256]-----+

Jos@ACER MINGW64 ~/Documents/jpwits/GoPyramid (master)
$ eval $(ssh-agent -s)
Agent pid 3568

Jos@ACER MINGW64 ~/Documents/jpwits/GoPyramid (master)
$ ssh-add ~/.ssh/id_rsa
Enter passphrase for /c/Users/Jos/.ssh/id_rsa:
Identity added: /c/Users/Jos/.ssh/id_rsa (/c/Users/Jos/.ssh/id_rsa)

Jos@ACER MINGW64 ~/Documents/jpwits/GoPyramid (master)
$ clip < ~/.ssh/id_rsa.pub

Jos@ACER MINGW64 ~/Documents/jpwits/GoPyramid (master)
$

Settings->SSH and GPG keys->Add SSH key->[Paste]